Partition Merge report for cronometro
Wed Apr 11 11:59:53 2018
Quartus II 32-bit Version 13.0.0 Build 156 04/24/2013 SJ Web Edition


---------------------
; Table of Contents ;
---------------------
  1. Legal Notice
  2. Partition Merge Summary
  3. Partition Merge Netlist Types Used
  4. Connections to In-System Debugging Instance "auto_signaltap_0"
  5. Partition Merge Partition Statistics
  6. Partition Merge Resource Usage Summary
  7. Partition Merge RAM Summary
  8. Partition Merge Messages



----------------
; Legal Notice ;
----------------
Copyright (C) 1991-2013 Altera Corporation
Your use of Altera Corporation's design tools, logic functions 
and other software and tools, and its AMPP partner logic 
functions, and any output files from any of the foregoing 
(including device programming or simulation files), and any 
associated documentation or information are expressly subject 
to the terms and conditions of the Altera Program License 
Subscription Agreement, Altera MegaCore Function License 
Agreement, or other applicable license agreement, including, 
without limitation, that your use is for the sole purpose of 
programming logic devices manufactured by Altera and sold by 
Altera or its authorized distributors.  Please refer to the 
applicable agreement for further details.



+---------------------------------------------------------------------------------+
; Partition Merge Summary                                                         ;
+------------------------------------+--------------------------------------------+
; Partition Merge Status             ; Successful - Wed Apr 11 11:59:53 2018      ;
; Quartus II 32-bit Version          ; 13.0.0 Build 156 04/24/2013 SJ Web Edition ;
; Revision Name                      ; cronometro                                 ;
; Top-level Entity Name              ; cronometro                                 ;
; Family                             ; Cyclone II                                 ;
; Total logic elements               ; 1,441                                      ;
;     Total combinational functions  ; 1,152                                      ;
;     Dedicated logic registers      ; 752                                        ;
; Total registers                    ; 752                                        ;
; Total pins                         ; 62                                         ;
; Total virtual pins                 ; 0                                          ;
; Total memory bits                  ; 1,048,576                                  ;
; Embedded Multiplier 9-bit elements ; 0                                          ;
; Total PLLs                         ; 0                                          ;
+------------------------------------+--------------------------------------------+


+-------------------------------------------------------------------------------------------------------------------------------+
; Partition Merge Netlist Types Used                                                                                            ;
+--------------------------------+----------------+-------------------+------------------------+--------------------------------+
; Partition Name                 ; Partition Type ; Netlist Type Used ; Netlist Type Requested ; Partition Contents             ;
+--------------------------------+----------------+-------------------+------------------------+--------------------------------+
; Top                            ; User-created   ; Source File       ; Source File            ;                                ;
; sld_hub:auto_hub               ; Auto-generated ; Post-Synthesis    ; Post-Synthesis         ; sld_hub:auto_hub               ;
; sld_signaltap:auto_signaltap_0 ; Auto-generated ; Post-Synthesis    ; Post-Synthesis         ; sld_signaltap:auto_signaltap_0 ;
; hard_block:auto_generated_inst ; Auto-generated ; Source File       ; Source File            ; hard_block:auto_generated_inst ;
+--------------------------------+----------------+-------------------+------------------------+--------------------------------+


+-----------------------------------------------------------------------------------------------------------------------------------------------------------------------------------------------------------------------------------------+
; Connections to In-System Debugging Instance "auto_signaltap_0"                                                                                                                                                                          ;
+-------------------------------------------------------------------------------+--------------+-----------+----------------+-------------------+-------------------------------------------------------------------------------+---------+
; Name                                                                          ; Type         ; Status    ; Partition Name ; Netlist Type Used ; Actual Connection                                                             ; Details ;
+-------------------------------------------------------------------------------+--------------+-----------+----------------+-------------------+-------------------------------------------------------------------------------+---------+
; clk                                                                           ; post-fitting ; connected ; Top            ; post-synthesis    ; clk                                                                           ; N/A     ;
; en_temp_s                                                                     ; post-fitting ; connected ; Top            ; post-synthesis    ; en_temp_s                                                                     ; N/A     ;
; temporizador:contadores|cont_24:contH|cont_100:contPai|cont_16:cont1|Q_tmp[0] ; post-fitting ; connected ; Top            ; post-synthesis    ; temporizador:contadores|cont_24:contH|cont_100:contPai|cont_16:cont1|Q_tmp[0] ; N/A     ;
; temporizador:contadores|cont_24:contH|cont_100:contPai|cont_16:cont1|Q_tmp[0] ; post-fitting ; connected ; Top            ; post-synthesis    ; temporizador:contadores|cont_24:contH|cont_100:contPai|cont_16:cont1|Q_tmp[0] ; N/A     ;
; temporizador:contadores|cont_24:contH|cont_100:contPai|cont_16:cont1|Q_tmp[1] ; post-fitting ; connected ; Top            ; post-synthesis    ; temporizador:contadores|cont_24:contH|cont_100:contPai|cont_16:cont1|Q_tmp[1] ; N/A     ;
; temporizador:contadores|cont_24:contH|cont_100:contPai|cont_16:cont1|Q_tmp[1] ; post-fitting ; connected ; Top            ; post-synthesis    ; temporizador:contadores|cont_24:contH|cont_100:contPai|cont_16:cont1|Q_tmp[1] ; N/A     ;
; temporizador:contadores|cont_24:contH|cont_100:contPai|cont_16:cont1|Q_tmp[2] ; post-fitting ; connected ; Top            ; post-synthesis    ; temporizador:contadores|cont_24:contH|cont_100:contPai|cont_16:cont1|Q_tmp[2] ; N/A     ;
; temporizador:contadores|cont_24:contH|cont_100:contPai|cont_16:cont1|Q_tmp[2] ; post-fitting ; connected ; Top            ; post-synthesis    ; temporizador:contadores|cont_24:contH|cont_100:contPai|cont_16:cont1|Q_tmp[2] ; N/A     ;
; temporizador:contadores|cont_24:contH|cont_100:contPai|cont_16:cont1|Q_tmp[3] ; post-fitting ; connected ; Top            ; post-synthesis    ; temporizador:contadores|cont_24:contH|cont_100:contPai|cont_16:cont1|Q_tmp[3] ; N/A     ;
; temporizador:contadores|cont_24:contH|cont_100:contPai|cont_16:cont1|Q_tmp[3] ; post-fitting ; connected ; Top            ; post-synthesis    ; temporizador:contadores|cont_24:contH|cont_100:contPai|cont_16:cont1|Q_tmp[3] ; N/A     ;
; temporizador:contadores|cont_24:contH|cont_100:contPai|cont_16:cont2|Q_tmp[0] ; post-fitting ; connected ; Top            ; post-synthesis    ; temporizador:contadores|cont_24:contH|cont_100:contPai|cont_16:cont2|Q_tmp[0] ; N/A     ;
; temporizador:contadores|cont_24:contH|cont_100:contPai|cont_16:cont2|Q_tmp[0] ; post-fitting ; connected ; Top            ; post-synthesis    ; temporizador:contadores|cont_24:contH|cont_100:contPai|cont_16:cont2|Q_tmp[0] ; N/A     ;
; temporizador:contadores|cont_24:contH|cont_100:contPai|cont_16:cont2|Q_tmp[1] ; post-fitting ; connected ; Top            ; post-synthesis    ; temporizador:contadores|cont_24:contH|cont_100:contPai|cont_16:cont2|Q_tmp[1] ; N/A     ;
; temporizador:contadores|cont_24:contH|cont_100:contPai|cont_16:cont2|Q_tmp[1] ; post-fitting ; connected ; Top            ; post-synthesis    ; temporizador:contadores|cont_24:contH|cont_100:contPai|cont_16:cont2|Q_tmp[1] ; N/A     ;
; temporizador:contadores|cont_24:contH|cont_100:contPai|cont_16:cont2|Q_tmp[2] ; post-fitting ; connected ; Top            ; post-synthesis    ; temporizador:contadores|cont_24:contH|cont_100:contPai|cont_16:cont2|Q_tmp[2] ; N/A     ;
; temporizador:contadores|cont_24:contH|cont_100:contPai|cont_16:cont2|Q_tmp[2] ; post-fitting ; connected ; Top            ; post-synthesis    ; temporizador:contadores|cont_24:contH|cont_100:contPai|cont_16:cont2|Q_tmp[2] ; N/A     ;
; temporizador:contadores|cont_24:contH|cont_100:contPai|cont_16:cont2|Q_tmp[3] ; post-fitting ; connected ; Top            ; post-synthesis    ; temporizador:contadores|cont_24:contH|cont_100:contPai|cont_16:cont2|Q_tmp[3] ; N/A     ;
; temporizador:contadores|cont_24:contH|cont_100:contPai|cont_16:cont2|Q_tmp[3] ; post-fitting ; connected ; Top            ; post-synthesis    ; temporizador:contadores|cont_24:contH|cont_100:contPai|cont_16:cont2|Q_tmp[3] ; N/A     ;
+-------------------------------------------------------------------------------+--------------+-----------+----------------+-------------------+-------------------------------------------------------------------------------+---------+


+-----------------------------------------------------------------------------------------------------------------------------------------+
; Partition Merge Partition Statistics                                                                                                    ;
+---------------------------------------------+------+------------------+--------------------------------+--------------------------------+
; Statistic                                   ; Top  ; sld_hub:auto_hub ; sld_signaltap:auto_signaltap_0 ; hard_block:auto_generated_inst ;
+---------------------------------------------+------+------------------+--------------------------------+--------------------------------+
; Estimated Total logic elements              ; 415  ; 144              ; 883                            ; 0                              ;
;                                             ;      ;                  ;                                ;                                ;
; Total combinational functions               ; 415  ; 120              ; 617                            ; 0                              ;
; Logic element usage by number of LUT inputs ;      ;                  ;                                ;                                ;
;     -- 4 input functions                    ; 152  ; 51               ; 393                            ; 0                              ;
;     -- 3 input functions                    ; 20   ; 32               ; 127                            ; 0                              ;
;     -- <=2 input functions                  ; 243  ; 37               ; 97                             ; 0                              ;
;                                             ;      ;                  ;                                ;                                ;
; Logic elements by mode                      ;      ;                  ;                                ;                                ;
;     -- normal mode                          ; 297  ; 112              ; 543                            ; 0                              ;
;     -- arithmetic mode                      ; 118  ; 8                ; 74                             ; 0                              ;
;                                             ;      ;                  ;                                ;                                ;
; Total registers                             ; 160  ; 86               ; 506                            ; 0                              ;
;     -- Dedicated logic registers            ; 160  ; 86               ; 506                            ; 0                              ;
;                                             ;      ;                  ;                                ;                                ;
; Virtual pins                                ; 0    ; 0                ; 0                              ; 0                              ;
; I/O pins                                    ; 62   ; 0                ; 0                              ; 0                              ;
; Embedded Multiplier 9-bit elements          ; 0    ; 0                ; 0                              ; 0                              ;
; Total memory bits                           ; 0    ; 0                ; 1048576                        ; 0                              ;
; Total RAM block bits                        ; 0    ; 0                ; 0                              ; 0                              ;
; JTAG                                        ; 1    ; 0                ; 0                              ; 0                              ;
;                                             ;      ;                  ;                                ;                                ;
; Connections                                 ;      ;                  ;                                ;                                ;
;     -- Input Connections                    ; 1    ; 128              ; 1199                           ; 0                              ;
;     -- Registered Input Connections         ; 0    ; 97               ; 566                            ; 0                              ;
;     -- Output Connections                   ; 1157 ; 169              ; 2                              ; 0                              ;
;     -- Registered Output Connections        ; 16   ; 168              ; 0                              ; 0                              ;
;                                             ;      ;                  ;                                ;                                ;
; Internal Connections                        ;      ;                  ;                                ;                                ;
;     -- Total Connections                    ; 2924 ; 818              ; 11427                          ; 0                              ;
;     -- Registered Connections               ; 761  ; 598              ; 8517                           ; 0                              ;
;                                             ;      ;                  ;                                ;                                ;
; External Connections                        ;      ;                  ;                                ;                                ;
;     -- Top                                  ; 0    ; 119              ; 1039                           ; 0                              ;
;     -- sld_hub:auto_hub                     ; 119  ; 16               ; 162                            ; 0                              ;
;     -- sld_signaltap:auto_signaltap_0       ; 1039 ; 162              ; 0                              ; 0                              ;
;     -- hard_block:auto_generated_inst       ; 0    ; 0                ; 0                              ; 0                              ;
;                                             ;      ;                  ;                                ;                                ;
; Partition Interface                         ;      ;                  ;                                ;                                ;
;     -- Input Ports                          ; 7    ; 19               ; 73                             ; 0                              ;
;     -- Output Ports                         ; 59   ; 37               ; 26                             ; 0                              ;
;     -- Bidir Ports                          ; 0    ; 0                ; 0                              ; 0                              ;
;                                             ;      ;                  ;                                ;                                ;
; Registered Ports                            ;      ;                  ;                                ;                                ;
;     -- Registered Input Ports               ; 0    ; 4                ; 23                             ; 0                              ;
;     -- Registered Output Ports              ; 0    ; 26               ; 17                             ; 0                              ;
;                                             ;      ;                  ;                                ;                                ;
; Port Connectivity                           ;      ;                  ;                                ;                                ;
;     -- Input Ports driven by GND            ; 0    ; 1                ; 0                              ; 0                              ;
;     -- Output Ports driven by GND           ; 0    ; 1                ; 0                              ; 0                              ;
;     -- Input Ports driven by VCC            ; 0    ; 0                ; 0                              ; 0                              ;
;     -- Output Ports driven by VCC           ; 0    ; 0                ; 0                              ; 0                              ;
;     -- Input Ports with no Source           ; 0    ; 1                ; 34                             ; 0                              ;
;     -- Output Ports with no Source          ; 0    ; 0                ; 0                              ; 0                              ;
;     -- Input Ports with no Fanout           ; 0    ; 2                ; 39                             ; 0                              ;
;     -- Output Ports with no Fanout          ; 0    ; 15               ; 17                             ; 0                              ;
+---------------------------------------------+------+------------------+--------------------------------+--------------------------------+
Note: Resource usage numbers presented for Partitions containing post-synthesis logic are estimates.  For Partitions containing post-fit logic, resource usage numbers are accurate based on previous placement information.  Actual Fitter results may vary depending on current Fitter Preservation Level assignments.


+-------------------------------------------------------+
; Partition Merge Resource Usage Summary                ;
+---------------------------------------------+---------+
; Resource                                    ; Usage   ;
+---------------------------------------------+---------+
; Estimated Total logic elements              ; 1,441   ;
;                                             ;         ;
; Total combinational functions               ; 1152    ;
; Logic element usage by number of LUT inputs ;         ;
;     -- 4 input functions                    ; 596     ;
;     -- 3 input functions                    ; 179     ;
;     -- <=2 input functions                  ; 377     ;
;                                             ;         ;
; Logic elements by mode                      ;         ;
;     -- normal mode                          ; 952     ;
;     -- arithmetic mode                      ; 200     ;
;                                             ;         ;
; Total registers                             ; 752     ;
;     -- Dedicated logic registers            ; 752     ;
;     -- I/O registers                        ; 0       ;
;                                             ;         ;
; I/O pins                                    ; 62      ;
; Total memory bits                           ; 1048576 ;
; Embedded Multiplier 9-bit elements          ; 0       ;
; Maximum fan-out node                        ; clk     ;
; Maximum fan-out                             ; 694     ;
; Total fan-out                               ; 13581   ;
; Average fan-out                             ; 6.10    ;
+---------------------------------------------+---------+


+----------------------------------------------------------------------------------------------------------------------------------------------------------------------------------------------------------------------------------------------------------------------------------------------------------------------------------------+
; Partition Merge RAM Summary                                                                                                                                                                                                                                                                                                            ;
+-----------------------------------------------------------------------------------------------------------------------------------------------------------------------------------------------------------------------------------+------+----------------+--------------+--------------+--------------+--------------+---------+------+
; Name                                                                                                                                                                                                                              ; Type ; Mode           ; Port A Depth ; Port A Width ; Port B Depth ; Port B Width ; Size    ; MIF  ;
+-----------------------------------------------------------------------------------------------------------------------------------------------------------------------------------------------------------------------------------+------+----------------+--------------+--------------+--------------+--------------+---------+------+
; sld_signaltap:auto_signaltap_0|sld_signaltap_impl:sld_signaltap_body|sld_signaltap_implb:sld_signaltap_body|altsyncram:\stp_non_zero_ram_gen:stp_buffer_ram|altsyncram_0q14:auto_generated|altsyncram_8eq1:altsyncram1|ALTSYNCRAM ; AUTO ; True Dual Port ; 131072       ; 8            ; 131072       ; 8            ; 1048576 ; None ;
+-----------------------------------------------------------------------------------------------------------------------------------------------------------------------------------------------------------------------------------+------+----------------+--------------+--------------+--------------+--------------+---------+------+


+--------------------------+
; Partition Merge Messages ;
+--------------------------+
Info: *******************************************************************
Info: Running Quartus II 32-bit Partition Merge
    Info: Version 13.0.0 Build 156 04/24/2013 SJ Web Edition
    Info: Processing started: Wed Apr 11 11:59:52 2018
Info: Command: quartus_cdb --read_settings_files=off --write_settings_files=off cronometro -c cronometro --merge=on
Info (35007): Using synthesis netlist for partition "Top"
Info (35007): Using synthesis netlist for partition "sld_hub:auto_hub"
Info (35007): Using synthesis netlist for partition "sld_signaltap:auto_signaltap_0"
Info (35024): Succesfully connected in-system debug instance "auto_signaltap_0" to all 18 required data inputs, trigger inputs, acquisition clocks, and dynamic pins
Info (35002): Resolved and merged 3 partition(s)
Info (16010): Generating hard_block partition "hard_block:auto_generated_inst"
    Info (16011): Adding 0 node(s), including 0 DDIO, 0 PLL, 0 transceiver and 0 LCELL
Info (21057): Implemented 1787 device resources after synthesis - the final resource count might be different
    Info (21058): Implemented 7 input pins
    Info (21059): Implemented 59 output pins
    Info (21061): Implemented 1464 logic cells
    Info (21064): Implemented 256 RAM segments
Info: Quartus II 32-bit Partition Merge was successful. 0 errors, 0 warnings
    Info: Peak virtual memory: 377 megabytes
    Info: Processing ended: Wed Apr 11 11:59:53 2018
    Info: Elapsed time: 00:00:01
    Info: Total CPU time (on all processors): 00:00:01


